// Jest Snapshot v1, https://goo.gl/fbAQLP

exports[`AppController (e2e) Properly chooses random movies based on algorithm: Basic 1`] = `
Array [
  Object {
    "actors": "François Cluzet, Omar Sy, Anne Le Ny, Audrey Fleurot",
    "director": "Olivier Nakache, Eric Toledano",
    "genres": Array [
      "Biography",
      "Comedy",
      "Drama",
    ],
    "plot": "After he becomes a quadriplegic from a paragliding accident, an aristocrat hires a young man from the projects to be his caregiver.",
    "posterUrl": "http://ia.media-imdb.com/images/M/MV5BMTYxNDA3MDQwNl5BMl5BanBnXkFtZTcwNTU4Mzc1Nw@@._V1_SX300.jpg",
    "runtime": 112,
    "title": "The Intouchables",
    "year": 2011,
  },
  Object {
    "actors": "Ethan Suplee, Ben Affleck, Scott Mosier, Jason Lee",
    "director": "Kevin Smith",
    "genres": Array [
      "Comedy",
      "Drama",
      "Romance",
    ],
    "plot": "Holden and Banky are comic book artists. Everything's going good for them until they meet Alyssa, also a comic book artist. Holden falls for her, but his hopes are crushed when he finds out she's gay.",
    "posterUrl": "https://images-na.ssl-images-amazon.com/images/M/MV5BZDM3MTg2MGUtZDM0MC00NzMwLWE5NjItOWFjNjA2M2I4YzgxXkEyXkFqcGdeQXVyMTQxNzMzNDI@._V1_SX300.jpg",
    "runtime": 113,
    "title": "Chasing Amy",
    "year": 1997,
  },
  Object {
    "actors": "Jim Carrey, Laura Linney, Noah Emmerich, Natascha McElhone",
    "director": "Peter Weir",
    "genres": Array [
      "Comedy",
      "Drama",
      "Sci-Fi",
    ],
    "plot": "An insurance salesman/adjuster discovers his entire life is actually a television show.",
    "posterUrl": "https://images-na.ssl-images-amazon.com/images/M/MV5BMDIzODcyY2EtMmY2MC00ZWVlLTgwMzAtMjQwOWUyNmJjNTYyXkEyXkFqcGdeQXVyNDk3NzU2MTQ@._V1_SX300.jpg",
    "runtime": 103,
    "title": "The Truman Show",
    "year": 1998,
  },
  Object {
    "actors": "Jean Dujardin, Bérénice Bejo, John Goodman, James Cromwell",
    "director": "Michel Hazanavicius",
    "genres": Array [
      "Comedy",
      "Drama",
      "Romance",
    ],
    "plot": "A silent movie star meets a young dancer, but the arrival of talking pictures sends their careers in opposite directions.",
    "posterUrl": "https://images-na.ssl-images-amazon.com/images/M/MV5BMzk0NzQxMTM0OV5BMl5BanBnXkFtZTcwMzU4MDYyNQ@@._V1_SX300.jpg",
    "runtime": 100,
    "title": "The Artist",
    "year": 2011,
  },
  Object {
    "actors": "Johnny Depp, Aaron Eckhart, Michael Rispoli, Amber Heard",
    "director": "Bruce Robinson",
    "genres": Array [
      "Comedy",
      "Drama",
    ],
    "plot": "American journalist Paul Kemp takes on a freelance job in Puerto Rico for a local newspaper during the 1960s and struggles to find a balance between island culture and the expatriates who live there.",
    "posterUrl": "https://images-na.ssl-images-amazon.com/images/M/MV5BMTM5ODA4MjYxM15BMl5BanBnXkFtZTcwMTM3NTE5Ng@@._V1_SX300.jpg",
    "runtime": 120,
    "title": "The Rum Diary",
    "year": 2011,
  },
  Object {
    "actors": "Brendan Gleeson, Chris O'Dowd, Kelly Reilly, Aidan Gillen",
    "director": "John Michael McDonagh",
    "genres": Array [
      "Comedy",
      "Drama",
    ],
    "plot": "After he is threatened during a confession, a good-natured priest must battle the dark forces closing in around him.",
    "posterUrl": "https://images-na.ssl-images-amazon.com/images/M/MV5BMTc3MjQ1MjE2M15BMl5BanBnXkFtZTgwNTMzNjE4MTE@._V1_SX300.jpg",
    "runtime": 102,
    "title": "Calvary",
    "year": 2014,
  },
  Object {
    "actors": "Michael Keaton, Emma Stone, Kenny Chin, Jamahl Garrison-Lowe",
    "director": "Alejandro G. Iñárritu",
    "genres": Array [
      "Comedy",
      "Drama",
      "Romance",
    ],
    "plot": "Illustrated upon the progress of his latest Broadway play, a former popular actor's struggle to cope with his current life as a wasted actor is shown.",
    "posterUrl": "https://images-na.ssl-images-amazon.com/images/M/MV5BODAzNDMxMzAxOV5BMl5BanBnXkFtZTgwMDMxMjA4MjE@._V1_SX300.jpg",
    "runtime": 119,
    "title": "Birdman or (The Unexpected Virtue of Ignorance)",
    "year": 2014,
  },
  Object {
    "actors": "Bruce Dern, Will Forte, June Squibb, Bob Odenkirk",
    "director": "Alexander Payne",
    "genres": Array [
      "Adventure",
      "Comedy",
      "Drama",
    ],
    "plot": "An aging, booze-addled father makes the trip from Montana to Nebraska with his estranged son in order to claim a million-dollar Mega Sweepstakes Marketing prize.",
    "posterUrl": "https://images-na.ssl-images-amazon.com/images/M/MV5BMTU2Mjk2NDkyMl5BMl5BanBnXkFtZTgwNTk0NzcyMDE@._V1_SX300.jpg",
    "runtime": 115,
    "title": "Nebraska",
    "year": 2013,
  },
  Object {
    "actors": "Patton Oswalt, Ian Holm, Lou Romano, Brian Dennehy",
    "director": "Brad Bird, Jan Pinkava",
    "genres": Array [
      "Animation",
      "Comedy",
      "Family",
    ],
    "plot": "A rat who can cook makes an unusual alliance with a young kitchen worker at a famous restaurant.",
    "posterUrl": "https://images-na.ssl-images-amazon.com/images/M/MV5BMTMzODU0NTkxMF5BMl5BanBnXkFtZTcwMjQ4MzMzMw@@._V1_SX300.jpg",
    "runtime": 111,
    "title": "Ratatouille",
    "year": 2007,
  },
  Object {
    "actors": "Benicio Del Toro, Dennis Farina, Vinnie Jones, Brad Pitt",
    "director": "Guy Ritchie",
    "genres": Array [
      "Comedy",
      "Crime",
    ],
    "plot": "Unscrupulous boxing promoters, violent bookmakers, a Russian gangster, incompetent amateur robbers, and supposedly Jewish jewelers fight to track down a priceless stolen diamond.",
    "posterUrl": "http://ia.media-imdb.com/images/M/MV5BMTA2NDYxOGYtYjU1Mi00Y2QzLTgxMTQtMWI1MGI0ZGQ5MmU4XkEyXkFqcGdeQXVyNDk3NzU2MTQ@._V1_SX300.jpg",
    "runtime": 102,
    "title": "Snatch",
    "year": 2000,
  },
]
`;

exports[`AppController (e2e) Properly chooses random movies based on algorithm: No genres with limit 1`] = `
Array [
  Object {
    "actors": "Patton Oswalt, Ian Holm, Lou Romano, Brian Dennehy",
    "director": "Brad Bird, Jan Pinkava",
    "genres": Array [
      "Animation",
      "Comedy",
      "Family",
    ],
    "plot": "A rat who can cook makes an unusual alliance with a young kitchen worker at a famous restaurant.",
    "posterUrl": "https://images-na.ssl-images-amazon.com/images/M/MV5BMTMzODU0NTkxMF5BMl5BanBnXkFtZTcwMjQ4MzMzMw@@._V1_SX300.jpg",
    "runtime": 111,
    "title": "Ratatouille",
    "year": 2007,
  },
  Object {
    "actors": "Guy Pearce, Carrie-Anne Moss, Joe Pantoliano, Mark Boone Junior",
    "director": "Christopher Nolan",
    "genres": Array [
      "Mystery",
      "Thriller",
    ],
    "plot": "A man juggles searching for his wife's murderer and keeping his short-term memory loss from being an obstacle.",
    "posterUrl": "https://images-na.ssl-images-amazon.com/images/M/MV5BNThiYjM3MzktMDg3Yy00ZWQ3LTk3YWEtN2M0YmNmNWEwYTE3XkEyXkFqcGdeQXVyMTQxNzMzNDI@._V1_SX300.jpg",
    "runtime": 113,
    "title": "Memento",
    "year": 2000,
  },
  Object {
    "actors": "François Cluzet, Omar Sy, Anne Le Ny, Audrey Fleurot",
    "director": "Olivier Nakache, Eric Toledano",
    "genres": Array [
      "Biography",
      "Comedy",
      "Drama",
    ],
    "plot": "After he becomes a quadriplegic from a paragliding accident, an aristocrat hires a young man from the projects to be his caregiver.",
    "posterUrl": "http://ia.media-imdb.com/images/M/MV5BMTYxNDA3MDQwNl5BMl5BanBnXkFtZTcwNTU4Mzc1Nw@@._V1_SX300.jpg",
    "runtime": 112,
    "title": "The Intouchables",
    "year": 2011,
  },
  Object {
    "actors": "Diahnne Abbott, Frank Adu, Victor Argo, Gino Ardito",
    "director": "Martin Scorsese",
    "genres": Array [
      "Crime",
      "Drama",
    ],
    "plot": "A mentally unstable Vietnam War veteran works as a night-time taxi driver in New York City where the perceived decadence and sleaze feeds his urge for violent action, attempting to save a preadolescent prostitute in the process.",
    "posterUrl": "https://images-na.ssl-images-amazon.com/images/M/MV5BNGQxNDgzZWQtZTNjNi00M2RkLWExZmEtNmE1NjEyZDEwMzA5XkEyXkFqcGdeQXVyMTQxNzMzNDI@._V1_SX300.jpg",
    "runtime": 113,
    "title": "Taxi Driver",
    "year": 1976,
  },
  Object {
    "actors": "Joseph Gordon-Levitt, Bruce Willis, Emily Blunt, Paul Dano",
    "director": "Rian Johnson",
    "genres": Array [
      "Action",
      "Crime",
      "Drama",
    ],
    "plot": "In 2074, when the mob wants to get rid of someone, the target is sent into the past, where a hired gun awaits - someone like Joe - who one day learns the mob wants to 'close the loop' by sending back Joe's future self for assassination.",
    "posterUrl": "http://ia.media-imdb.com/images/M/MV5BMTY3NTY0MjEwNV5BMl5BanBnXkFtZTcwNTE3NDA1OA@@._V1_SX300.jpg",
    "runtime": 119,
    "title": "Looper",
    "year": 2012,
  },
  Object {
    "actors": "Leonardo DiCaprio, Daniel York, Patcharawan Patarakijjanon, Virginie Ledoyen",
    "director": "Danny Boyle",
    "genres": Array [
      "Adventure",
      "Drama",
      "Romance",
    ],
    "plot": "Twenty-something Richard travels to Thailand and finds himself in possession of a strange map. Rumours state that it leads to a solitary beach paradise, a tropical bliss - excited and intrigued, he sets out to find it.",
    "posterUrl": "https://images-na.ssl-images-amazon.com/images/M/MV5BN2ViYTFiZmUtOTIxZi00YzIxLWEyMzUtYjQwZGNjMjNhY2IwXkEyXkFqcGdeQXVyNDk3NzU2MTQ@._V1_SX300.jpg",
    "runtime": 119,
    "title": "The Beach",
    "year": 2000,
  },
  Object {
    "actors": "Gary Oldman, Chloe Webb, David Hayman, Debby Bishop",
    "director": "Alex Cox",
    "genres": Array [
      "Biography",
      "Drama",
      "Music",
    ],
    "plot": "Morbid biographical story of Sid Vicious, bassist with British punk group the Sex Pistols, and his girlfriend Nancy Spungen. When the Sex Pistols break up after their fateful US tour, ...",
    "posterUrl": "https://images-na.ssl-images-amazon.com/images/M/MV5BMjExNjA5NzY4M15BMl5BanBnXkFtZTcwNjQ2NzI5NA@@._V1_SX300.jpg",
    "runtime": 112,
    "title": "Sid and Nancy",
    "year": 1986,
  },
  Object {
    "actors": "Natalie Portman, Mila Kunis, Vincent Cassel, Barbara Hershey",
    "director": "Darren Aronofsky",
    "genres": Array [
      "Drama",
      "Thriller",
    ],
    "plot": "A committed dancer wins the lead role in a production of Tchaikovsky's \\"Swan Lake\\" only to find herself struggling to maintain her sanity.",
    "posterUrl": "https://images-na.ssl-images-amazon.com/images/M/MV5BNzY2NzI4OTE5MF5BMl5BanBnXkFtZTcwMjMyNDY4Mw@@._V1_SX300.jpg",
    "runtime": 108,
    "title": "Black Swan",
    "year": 2010,
  },
  Object {
    "actors": "Ethan Suplee, Ben Affleck, Scott Mosier, Jason Lee",
    "director": "Kevin Smith",
    "genres": Array [
      "Comedy",
      "Drama",
      "Romance",
    ],
    "plot": "Holden and Banky are comic book artists. Everything's going good for them until they meet Alyssa, also a comic book artist. Holden falls for her, but his hopes are crushed when he finds out she's gay.",
    "posterUrl": "https://images-na.ssl-images-amazon.com/images/M/MV5BZDM3MTg2MGUtZDM0MC00NzMwLWE5NjItOWFjNjA2M2I4YzgxXkEyXkFqcGdeQXVyMTQxNzMzNDI@._V1_SX300.jpg",
    "runtime": 113,
    "title": "Chasing Amy",
    "year": 1997,
  },
  Object {
    "actors": "Jodie Foster, Lawrence A. Bonney, Kasi Lemmons, Lawrence T. Wrentz",
    "director": "Jonathan Demme",
    "genres": Array [
      "Crime",
      "Drama",
      "Thriller",
    ],
    "plot": "A young F.B.I. cadet must confide in an incarcerated and manipulative killer to receive his help on catching another serial killer who skins his victims.",
    "posterUrl": "https://images-na.ssl-images-amazon.com/images/M/MV5BMTQ2NzkzMDI4OF5BMl5BanBnXkFtZTcwMDA0NzE1NA@@._V1_SX300.jpg",
    "runtime": 118,
    "title": "The Silence of the Lambs",
    "year": 1991,
  },
]
`;

exports[`AppController (e2e) Properly chooses random movies based on algorithm: No genres, limit 1 1`] = `
Array [
  Object {
    "actors": "Patton Oswalt, Ian Holm, Lou Romano, Brian Dennehy",
    "director": "Brad Bird, Jan Pinkava",
    "genres": Array [
      "Animation",
      "Comedy",
      "Family",
    ],
    "plot": "A rat who can cook makes an unusual alliance with a young kitchen worker at a famous restaurant.",
    "posterUrl": "https://images-na.ssl-images-amazon.com/images/M/MV5BMTMzODU0NTkxMF5BMl5BanBnXkFtZTcwMjQ4MzMzMw@@._V1_SX300.jpg",
    "runtime": 111,
    "title": "Ratatouille",
    "year": 2007,
  },
]
`;
